// Jest Snapshot v1, https://goo.gl/fbAQLP

exports[`D3Barplot Create 1`] = `
"
            <div class=\\"df-barplot-title\\"><h4>Age</h4></div>
            <div id=\\"barplot-container-Age\\" class=\\"datafinder-barplot\\">
                <svg height=\\"250\\" width=\\"300\\" id=\\"svg-barplot-Age\\"><g id=\\"xaxis-grid-Age\\" transform=\\"translate(100, 255)\\"></g><g transform=\\"translate(100,0)\\" id=\\"bars-Age\\" style=\\"overflow:auto\\"></g><g id=\\"yaxis-labels-short-Age\\" transform=\\"translate(100,0)\\"><text x=\\"-5\\" y=\\"229.16666666666666\\" text-anchor=\\"end\\" font-size=\\".8em\\">a</text><text x=\\"-5\\" y=\\"166.66666666666666\\" text-anchor=\\"end\\" font-size=\\".8em\\">b</text><text x=\\"-5\\" y=\\"104.16666666666666\\" text-anchor=\\"end\\" font-size=\\".8em\\">c</text><text x=\\"-5\\" y=\\"41.666666666666664\\" text-anchor=\\"end\\" font-size=\\".8em\\">d</text></g><g id=\\"yaxis-labels-Age\\" transform=\\"translate(100,0)\\"></g></svg>
            </div>
            <div id=\\"xaxis-Age\\" }=\\"\\">
                <svg width=\\"300\\" height=\\"40\\"><g class=\\"x axis\\" transform=\\"translate(100, 0)\\"></g><g transform=\\"translate(100, 0)\\"><text x=\\"92.5\\" y=\\"30\\" class=\\"x-axis-title\\" text-anchor=\\"middle\\" font-size=\\"0.8em\\">Studies</text></g></svg>
            </div>
        "
`;

exports[`D3Barplot Update 1`] = `
"
            <div class=\\"df-barplot-title\\"><h4>Age</h4></div>
            <div id=\\"barplot-container-Age\\" class=\\"datafinder-barplot\\">
                <svg height=\\"250\\" width=\\"300\\" id=\\"svg-barplot-Age\\"><g id=\\"xaxis-grid-Age\\" transform=\\"translate(100, 255)\\" fill=\\"none\\" font-size=\\"10\\" font-family=\\"sans-serif\\" text-anchor=\\"middle\\"><g class=\\"tick\\" opacity=\\"0.000001\\" transform=\\"translate(0.5,0)\\"><line stroke=\\"currentColor\\" y2=\\"-255\\"></line><text fill=\\"currentColor\\" y=\\"3\\" dy=\\"0.71em\\"></text></g><g class=\\"tick\\" opacity=\\"0.000001\\" transform=\\"translate(74.5,0)\\"><line stroke=\\"currentColor\\" y2=\\"-255\\"></line><text fill=\\"currentColor\\" y=\\"3\\" dy=\\"0.71em\\"></text></g><g class=\\"tick\\" opacity=\\"0.000001\\" transform=\\"translate(148.5,0)\\"><line stroke=\\"currentColor\\" y2=\\"-255\\"></line><text fill=\\"currentColor\\" y=\\"3\\" dy=\\"0.71em\\"></text></g></g><g transform=\\"translate(100,0)\\" id=\\"bars-Age\\" style=\\"overflow:auto\\"><rect class=\\"rect\\" x=\\"0\\" width=\\"37\\" y=\\"187.5\\" height=\\"61.5\\" style=\\"fill: #af88e3;\\"></rect><rect class=\\"rect\\" x=\\"0\\" width=\\"185\\" y=\\"125\\" height=\\"61.5\\" style=\\"fill: #af88e3;\\"></rect><rect class=\\"rect\\" x=\\"0\\" width=\\"44.4\\" y=\\"62.5\\" height=\\"61.5\\" style=\\"fill: #af88e3;\\"></rect><rect class=\\"rect\\" x=\\"0\\" width=\\"155.4\\" y=\\"0\\" height=\\"61.5\\" style=\\"fill: #af88e3;\\"></rect></g><g id=\\"yaxis-labels-short-Age\\" transform=\\"translate(100,0)\\"><text x=\\"-5\\" y=\\"229.16666666666666\\" text-anchor=\\"end\\" font-size=\\".8em\\">a</text><text x=\\"-5\\" y=\\"166.66666666666666\\" text-anchor=\\"end\\" font-size=\\".8em\\">b</text><text x=\\"-5\\" y=\\"104.16666666666666\\" text-anchor=\\"end\\" font-size=\\".8em\\">c</text><text x=\\"-5\\" y=\\"41.666666666666664\\" text-anchor=\\"end\\" font-size=\\".8em\\">d</text></g><g id=\\"yaxis-labels-Age\\" transform=\\"translate(100,0)\\"><g class=\\"yaxis-long-label-container\\"><text class=\\"label-number\\" x=\\"200\\" y=\\"229.16666666666666\\" text-anchor=\\"end\\" font-size=\\".8em\\" fill=\\"transparent\\">10</text><rect class=\\"big-rect-cover\\" x=\\"-100\\" y=\\"187.5\\" width=\\"300\\" height=\\"62.5\\" fill=\\"transparent\\" stroke=\\"transparent\\"></rect><rect class=\\"little-rect-cover\\" x=\\"-100\\" y=\\"187.5\\" width=\\"100\\" height=\\"62.5\\" fill=\\"transparent\\" stroke=\\"transparent\\"></rect><text class=\\"label-text\\" x=\\"-5\\" y=\\"229.16666666666666\\" text-anchor=\\"end\\" font-size=\\".8em\\" fill=\\"transparent\\"><tspan x=\\"-5\\" dy=\\"0\\">a</tspan></text></g><g class=\\"yaxis-long-label-container\\"><text class=\\"label-number\\" x=\\"200\\" y=\\"166.66666666666666\\" text-anchor=\\"end\\" font-size=\\".8em\\" fill=\\"transparent\\">50</text><rect class=\\"big-rect-cover\\" x=\\"-100\\" y=\\"125\\" width=\\"300\\" height=\\"62.5\\" fill=\\"transparent\\" stroke=\\"transparent\\"></rect><rect class=\\"little-rect-cover\\" x=\\"-100\\" y=\\"125\\" width=\\"100\\" height=\\"62.5\\" fill=\\"transparent\\" stroke=\\"transparent\\"></rect><text class=\\"label-text\\" x=\\"-5\\" y=\\"166.66666666666666\\" text-anchor=\\"end\\" font-size=\\".8em\\" fill=\\"transparent\\"><tspan x=\\"-5\\" dy=\\"0\\">b</tspan></text></g><g class=\\"yaxis-long-label-container\\"><text class=\\"label-number\\" x=\\"200\\" y=\\"104.16666666666666\\" text-anchor=\\"end\\" font-size=\\".8em\\" fill=\\"transparent\\">12</text><rect class=\\"big-rect-cover\\" x=\\"-100\\" y=\\"62.5\\" width=\\"300\\" height=\\"62.5\\" fill=\\"transparent\\" stroke=\\"transparent\\"></rect><rect class=\\"little-rect-cover\\" x=\\"-100\\" y=\\"62.5\\" width=\\"100\\" height=\\"62.5\\" fill=\\"transparent\\" stroke=\\"transparent\\"></rect><text class=\\"label-text\\" x=\\"-5\\" y=\\"104.16666666666666\\" text-anchor=\\"end\\" font-size=\\".8em\\" fill=\\"transparent\\"><tspan x=\\"-5\\" dy=\\"0\\">c</tspan></text></g><g class=\\"yaxis-long-label-container\\"><text class=\\"label-number\\" x=\\"200\\" y=\\"41.666666666666664\\" text-anchor=\\"end\\" font-size=\\".8em\\" fill=\\"transparent\\">42</text><rect class=\\"big-rect-cover\\" x=\\"-100\\" y=\\"0\\" width=\\"300\\" height=\\"62.5\\" fill=\\"transparent\\" stroke=\\"transparent\\"></rect><rect class=\\"little-rect-cover\\" x=\\"-100\\" y=\\"0\\" width=\\"100\\" height=\\"62.5\\" fill=\\"transparent\\" stroke=\\"transparent\\"></rect><text class=\\"label-text\\" x=\\"-5\\" y=\\"41.666666666666664\\" text-anchor=\\"end\\" font-size=\\".8em\\" fill=\\"transparent\\"><tspan x=\\"-5\\" dy=\\"0\\">d</tspan></text></g></g></svg>
            </div>
            <div id=\\"xaxis-Age\\" }=\\"\\">
                <svg width=\\"300\\" height=\\"40\\"><g class=\\"x axis\\" transform=\\"translate(100, 0)\\" fill=\\"none\\" font-size=\\"10\\" font-family=\\"sans-serif\\" text-anchor=\\"middle\\"><g class=\\"tick\\" opacity=\\"0.000001\\" transform=\\"translate(0.5,0)\\"><line stroke=\\"currentColor\\" y2=\\"0\\"></line><text fill=\\"currentColor\\" y=\\"3\\" dy=\\"0.71em\\"></text></g><g class=\\"tick\\" opacity=\\"0.000001\\" transform=\\"translate(74.5,0)\\"><line stroke=\\"currentColor\\" y2=\\"0\\"></line><text fill=\\"currentColor\\" y=\\"3\\" dy=\\"0.71em\\"></text></g><g class=\\"tick\\" opacity=\\"0.000001\\" transform=\\"translate(148.5,0)\\"><line stroke=\\"currentColor\\" y2=\\"0\\"></line><text fill=\\"currentColor\\" y=\\"3\\" dy=\\"0.71em\\"></text></g></g><g transform=\\"translate(100, 0)\\"><text x=\\"92.5\\" y=\\"30\\" class=\\"x-axis-title\\" text-anchor=\\"middle\\" font-size=\\"0.8em\\">Studies</text></g></svg>
            </div>
        "
`;
