// Jest Snapshot v1, https://goo.gl/fbAQLP

exports[`drawTinyHeatmap draw 1`] = `"<g transform=\\"translate(50,5)\\" id=\\"tinyheatmaptest\\"><rect x=\\"9.761904761904749\\" width=\\"8.761904761904763\\" y=\\"0\\" height=\\"9\\" style=\\"fill: #A1D99B;\\" stroke-width=\\"1px\\" stroke=\\"transparent\\"></rect><rect x=\\"19.52380952380951\\" width=\\"8.761904761904763\\" y=\\"10\\" height=\\"9\\" style=\\"fill: #74C476;\\" stroke-width=\\"1px\\" stroke=\\"transparent\\"></rect></g><g id=\\"xaxis-labels-test\\" transform=\\"translate(50, 20)\\" fill=\\"none\\" font-size=\\"10\\" font-family=\\"sans-serif\\" text-anchor=\\"middle\\"><path class=\\"domain\\" stroke=\\"currentColor\\" d=\\"M0.5,6V0.5H205.5V6\\"></path><g class=\\"tick\\" opacity=\\"1\\" transform=\\"translate(4.880952380952367,0)\\"><line stroke=\\"currentColor\\" y2=\\"6\\"></line><text fill=\\"currentColor\\" y=\\"5\\" dy=\\"0.71em\\" x=\\"-5\\" transform=\\"rotate(-45)\\" style=\\"text-anchor: end;\\" font-size=\\".9em\\">&lt;0</text></g><g class=\\"tick\\" opacity=\\"1\\" transform=\\"translate(14.64285714285713,0)\\"><line stroke=\\"currentColor\\" y2=\\"6\\"></line><text fill=\\"currentColor\\" y=\\"5\\" dy=\\"0.71em\\" x=\\"-5\\" transform=\\"rotate(-45)\\" style=\\"text-anchor: end;\\" font-size=\\".9em\\">0</text></g><g class=\\"tick\\" opacity=\\"1\\" transform=\\"translate(24.40476190476189,0)\\"><line stroke=\\"currentColor\\" y2=\\"6\\"></line><text fill=\\"currentColor\\" y=\\"5\\" dy=\\"0.71em\\" x=\\"-5\\" transform=\\"rotate(-45)\\" style=\\"text-anchor: end;\\" font-size=\\".9em\\">1</text></g><g class=\\"tick\\" opacity=\\"1\\" transform=\\"translate(34.16666666666666,0)\\"><line stroke=\\"currentColor\\" y2=\\"6\\"></line><text fill=\\"currentColor\\" y=\\"5\\" dy=\\"0.71em\\" x=\\"-5\\" transform=\\"rotate(-45)\\" style=\\"text-anchor: end;\\" font-size=\\".9em\\">2</text></g><g class=\\"tick\\" opacity=\\"1\\" transform=\\"translate(43.928571428571416,0)\\"><line stroke=\\"currentColor\\" y2=\\"6\\"></line><text fill=\\"currentColor\\" y=\\"5\\" dy=\\"0.71em\\" x=\\"-5\\" transform=\\"rotate(-45)\\" style=\\"text-anchor: end;\\" font-size=\\".9em\\">3</text></g><g class=\\"tick\\" opacity=\\"1\\" transform=\\"translate(53.690476190476176,0)\\"><line stroke=\\"currentColor\\" y2=\\"6\\"></line><text fill=\\"currentColor\\" y=\\"5\\" dy=\\"0.71em\\" x=\\"-5\\" transform=\\"rotate(-45)\\" style=\\"text-anchor: end;\\" font-size=\\".9em\\">4</text></g><g class=\\"tick\\" opacity=\\"1\\" transform=\\"translate(63.45238095238094,0)\\"><line stroke=\\"currentColor\\" y2=\\"6\\"></line><text fill=\\"currentColor\\" y=\\"5\\" dy=\\"0.71em\\" x=\\"-5\\" transform=\\"rotate(-45)\\" style=\\"text-anchor: end;\\" font-size=\\".9em\\">5</text></g><g class=\\"tick\\" opacity=\\"1\\" transform=\\"translate(73.21428571428571,0)\\"><line stroke=\\"currentColor\\" y2=\\"6\\"></line><text fill=\\"currentColor\\" y=\\"5\\" dy=\\"0.71em\\" x=\\"-5\\" transform=\\"rotate(-45)\\" style=\\"text-anchor: end;\\" font-size=\\".9em\\">6</text></g><g class=\\"tick\\" opacity=\\"1\\" transform=\\"translate(82.97619047619047,0)\\"><line stroke=\\"currentColor\\" y2=\\"6\\"></line><text fill=\\"currentColor\\" y=\\"5\\" dy=\\"0.71em\\" x=\\"-5\\" transform=\\"rotate(-45)\\" style=\\"text-anchor: end;\\" font-size=\\".9em\\">7</text></g><g class=\\"tick\\" opacity=\\"1\\" transform=\\"translate(92.73809523809523,0)\\"><line stroke=\\"currentColor\\" y2=\\"6\\"></line><text fill=\\"currentColor\\" y=\\"5\\" dy=\\"0.71em\\" x=\\"-5\\" transform=\\"rotate(-45)\\" style=\\"text-anchor: end;\\" font-size=\\".9em\\">8</text></g><g class=\\"tick\\" opacity=\\"1\\" transform=\\"translate(102.49999999999999,0)\\"><line stroke=\\"currentColor\\" y2=\\"6\\"></line><text fill=\\"currentColor\\" y=\\"5\\" dy=\\"0.71em\\" x=\\"-5\\" transform=\\"rotate(-45)\\" style=\\"text-anchor: end;\\" font-size=\\".9em\\">9</text></g><g class=\\"tick\\" opacity=\\"1\\" transform=\\"translate(112.26190476190476,0)\\"><line stroke=\\"currentColor\\" y2=\\"6\\"></line><text fill=\\"currentColor\\" y=\\"5\\" dy=\\"0.71em\\" x=\\"-5\\" transform=\\"rotate(-45)\\" style=\\"text-anchor: end;\\" font-size=\\".9em\\">10</text></g><g class=\\"tick\\" opacity=\\"1\\" transform=\\"translate(122.02380952380952,0)\\"><line stroke=\\"currentColor\\" y2=\\"6\\"></line><text fill=\\"currentColor\\" y=\\"5\\" dy=\\"0.71em\\" x=\\"-5\\" transform=\\"rotate(-45)\\" style=\\"text-anchor: end;\\" font-size=\\".9em\\">11</text></g><g class=\\"tick\\" opacity=\\"1\\" transform=\\"translate(131.78571428571428,0)\\"><line stroke=\\"currentColor\\" y2=\\"6\\"></line><text fill=\\"currentColor\\" y=\\"5\\" dy=\\"0.71em\\" x=\\"-5\\" transform=\\"rotate(-45)\\" style=\\"text-anchor: end;\\" font-size=\\".9em\\">12</text></g><g class=\\"tick\\" opacity=\\"1\\" transform=\\"translate(141.54761904761907,0)\\"><line stroke=\\"currentColor\\" y2=\\"6\\"></line><text fill=\\"currentColor\\" y=\\"5\\" dy=\\"0.71em\\" x=\\"-5\\" transform=\\"rotate(-45)\\" style=\\"text-anchor: end;\\" font-size=\\".9em\\">13</text></g><g class=\\"tick\\" opacity=\\"1\\" transform=\\"translate(151.30952380952382,0)\\"><line stroke=\\"currentColor\\" y2=\\"6\\"></line><text fill=\\"currentColor\\" y=\\"5\\" dy=\\"0.71em\\" x=\\"-5\\" transform=\\"rotate(-45)\\" style=\\"text-anchor: end;\\" font-size=\\".9em\\">14</text></g><g class=\\"tick\\" opacity=\\"1\\" transform=\\"translate(161.07142857142858,0)\\"><line stroke=\\"currentColor\\" y2=\\"6\\"></line><text fill=\\"currentColor\\" y=\\"5\\" dy=\\"0.71em\\" x=\\"-5\\" transform=\\"rotate(-45)\\" style=\\"text-anchor: end;\\" font-size=\\".9em\\">15-27</text></g><g class=\\"tick\\" opacity=\\"1\\" transform=\\"translate(170.83333333333334,0)\\"><line stroke=\\"currentColor\\" y2=\\"6\\"></line><text fill=\\"currentColor\\" y=\\"5\\" dy=\\"0.71em\\" x=\\"-5\\" transform=\\"rotate(-45)\\" style=\\"text-anchor: end;\\" font-size=\\".9em\\">28</text></g><g class=\\"tick\\" opacity=\\"1\\" transform=\\"translate(180.5952380952381,0)\\"><line stroke=\\"currentColor\\" y2=\\"6\\"></line><text fill=\\"currentColor\\" y=\\"5\\" dy=\\"0.71em\\" x=\\"-5\\" transform=\\"rotate(-45)\\" style=\\"text-anchor: end;\\" font-size=\\".9em\\">29-55</text></g><g class=\\"tick\\" opacity=\\"1\\" transform=\\"translate(190.35714285714286,0)\\"><line stroke=\\"currentColor\\" y2=\\"6\\"></line><text fill=\\"currentColor\\" y=\\"5\\" dy=\\"0.71em\\" x=\\"-5\\" transform=\\"rotate(-45)\\" style=\\"text-anchor: end;\\" font-size=\\".9em\\">56</text></g><g class=\\"tick\\" opacity=\\"1\\" transform=\\"translate(200.11904761904762,0)\\"><line stroke=\\"currentColor\\" y2=\\"6\\"></line><text fill=\\"currentColor\\" y=\\"5\\" dy=\\"0.71em\\" x=\\"-5\\" transform=\\"rotate(-45)\\" style=\\"text-anchor: end;\\" font-size=\\".9em\\">&gt;56</text></g></g><g id=\\"yaxis-labels-test\\" transform=\\"translate(50,5)\\" fill=\\"none\\" font-size=\\"10\\" font-family=\\"sans-serif\\" text-anchor=\\"end\\"><path class=\\"domain\\" stroke=\\"currentColor\\" d=\\"M-6,0.5H0.5V20.5H-6\\"></path><g class=\\"tick\\" opacity=\\"1\\" transform=\\"translate(0,5)\\"><line stroke=\\"currentColor\\" x2=\\"-6\\"></line><text fill=\\"currentColor\\" x=\\"-9\\" dy=\\"0.32em\\">HAI</text></g><g class=\\"tick\\" opacity=\\"1\\" transform=\\"translate(0,15)\\"><line stroke=\\"currentColor\\" x2=\\"-6\\"></line><text fill=\\"currentColor\\" x=\\"-9\\" dy=\\"0.32em\\">GE</text></g></g>"`;
